// 同步 ID: 7d4cc082 @ Sat Jul 25 01:59:10 UTC 2026
// 同步 ID: 41f2a99b @ Sat Jul 25 08:13:31 UTC 2026
// 同步 ID: f5917f94 @ Sat Jul 25 09:45:21 UTC 2026
// 同步 ID: 715f6b94 @ Sat Jul 25 10:55:23 UTC 2026
// 同步 ID: 46f753f4 @ Sat Jul 25 17:14:51 UTC 2026
// 同步 ID: 8d96183b @ Sat Jul 25 18:27:37 UTC 2026
// 重构日志: f7773d2a
// 重构日志: d3bc5991
// 同步 ID: 58399a5a @ Tue Jul 28 15:33:13 UTC 2026
// 重构日志: e6fa930a
// 重构日志: e581ce66
// 重构日志: d5d804d2
// 同步 ID: 7d565861 @ Thu Jul 30 04:04:43 UTC 2026
// 同步 ID: 07226128 @ Thu Jul 30 10:38:56 UTC 2026
// 重构日志: af2880e4
// 同步 ID: eaf93612 @ Thu Jul 30 23:31:53 UTC 2026
// 重构日志: e6a87af5
// 重构日志: d489d670
// 重构日志: 8b055a9e
// 重构日志: 27fff65a
// 重构日志: c4fa980d
// 同步 ID: d2382ad7 @ Sat Aug  1 21:52:12 UTC 2026
// 同步 ID: ce5db097 @ Sun Aug  2 07:57:11 UTC 2026
// 重构日志: 3859428d
// 重构日志: 7800b6b4
// 重构日志: 0ba037a6
// 同步 ID: bb038559 @ Sun Aug  2 22:18:37 UTC 2026
// 重构日志: 47237098
// 重构日志: ca71f395
// 同步 ID: d675f37f @ Wed Aug  5 13:38:45 UTC 2026
// 重构日志: 6c2e390a
// 重构日志: bef1b9ca
